../Core/Src/main.c:306:5:_write	24	static
../Core/Src/main.c:315:6:HAL_GPIO_EXTI_Callback	16	static
../Core/Src/main.c:327:6:BSP_PB_Callback	16	static
../Core/Src/main.c:336:5:float32_t_to_uint	64	static
../Core/Src/main.c:346:11:uint_to_float32_t	64	static
../Core/Src/main.c:355:6:MIT_reset_origin	24	static
../Core/Src/main.c:383:6:MIT_enter_control_mode	24	static
../Core/Src/main.c:411:6:MIT_exit_control_mode	24	static
../Core/Src/main.c:439:6:MIT_TxData	16	static
../Core/Src/main.c:450:6:MIT_Mode	40	static
../Core/Src/main.c:475:6:HAL_FDCAN_RxFifo0Callback	80	static,ignoring_inline_asm
../Core/Src/main.c:508:11:tustin_derivative	32	static
../Core/Src/main.c:518:11:tustin_integrate	32	static
../Core/Src/main.c:527:11:lowpassfilter	32	static
../Core/Src/main.c:538:6:motor_encoder_read	40	static
../Core/Src/main.c:578:6:motor_pos_pid_gain_setting	32	static
../Core/Src/main.c:586:6:motor_vel_pi_gain_setting	24	static
../Core/Src/main.c:592:6:motor_pos_pid	24	static
../Core/Src/main.c:610:6:motor_vel_pid	16	static
../Core/Src/main.c:625:6:motor_feedforward_torque	16	static
../Core/Src/main.c:634:6:robot_forward_kinematics_cal	48	static
../Core/Src/main.c:661:6:robot_model_param_cal	48	static
../Core/Src/main.c:748:6:robot_state_update	32	static
../Core/Src/main.c:787:6:robot_pos_pid_gain_setting	32	static
../Core/Src/main.c:797:6:robot_pos_pid	40	static
../Core/Src/main.c:829:5:main	16	static
../Core/Src/main.c:1025:6:SystemClock_Config	120	static
../Core/Src/main.c:1084:13:MX_FDCAN1_Init	16	static
../Core/Src/main.c:1156:13:MX_USART3_UART_Init	8	static
../Core/Src/main.c:1204:13:MX_GPIO_Init	48	static
../Core/Src/main.c:1244:6:ControlTask	72	static
../Core/Src/main.c:1408:6:DataLoggingTask	40	static
../Core/Src/main.c:1485:6:MPU_Config	24	static
../Core/Src/main.c:1520:6:HAL_TIM_PeriodElapsedCallback	16	static
../Core/Src/main.c:1538:6:Error_Handler	16	static
